bandwidth= 20
num_units= 2
margin= 0
diff_threshold= 0.05
arg= vertical.jpg
format=JPEG
width=760, height=21472
orientation= vertical
unit_width= 10726
bgcolor= (255, 255, 255)

i=0, num_units=2
(x0, y0)= (0, 0)
(x1, y1)= (0, 10746)
find_bgcolor_band(bgcolor=(255, 255, 255), orientation=vertical, bandwidth=20, x1=0, y1=10746, diff_threshold=0.050000, is_fuzzy=False)
cutting point= (0, 10986)
crop: x0=0, y0=0, width=760, y1=10986
save: vertical.1.jpg

i=1, num_units=2
(x0, y0)= (0, 10986)
(x1, y1)= (0, 21712)
last cutting point= (760, 21472)
check_proportion(unit_width/2.0=5363.000000, width=0.000000, height=10486.000000, width/height=0.000000, height/width=0.000000)
crop: x0=0, y0=10986, width=760, height=21472
save: vertical.2.jpg
