bandwidth= 20
num_units= 2
margin= 0
diff_threshold= 0.05
size_threshold= 0
acceptable_diff_of_color_value= 4
arg= horizontal4.jpg
format=JPEG
width=1088, height=818
orientation= horizontal
unit_width= 534
bgcolor= (89, 84, 77)

i=0, num_units=2
(x0, y0)= (0, 0)
(x1, y1)= (554, 0)
find_bgcolor_band(bgcolor=(89, 84, 77), orientation=horizontal, bandwidth=20, x1=554, y1=0, diff_threshold=0.050000, is_fuzzy=False)
cutting point= (-1, -1)
Warning: no splitting
last cutting point= (1088, 818)
check_proportion(unit_width/2.0=267.000000, width=1088.000000, height=0.000000, width/height=0.000000, height/width=0.000000)
crop: x0=0, y0=0, width=1088, height=818
save: horizontal4.1.jpg
