bandwidth= 10
num_units= 2
margin= 0
diff_threshold= 0.05
size_threshold= 0
acceptable_diff_of_color_value= 1
arg= vertical5.jpg
format=JPEG
width=687, height=533
orientation= horizontal
unit_width= 338
bgcolor= (237, 237, 237)

i=0, num_units=2
(x0, y0)= (0, 0)
(x1, y1)= (348, 0)
find_bgcolor_band(bgcolor=(237, 237, 237), orientation=horizontal, bandwidth=10, x1=348, y1=0, diff_threshold=0.050000, is_fuzzy=False)
cutting point= (-1, -1)
Warning: no splitting
last cutting point= (687, 533)
check_proportion(unit_width/2.0=169.000000, width=687.000000, height=0.000000, width/height=0.000000, height/width=0.000000)
crop: x0=0, y0=0, width=687, height=533
save: vertical5.1.jpg
