bandwidth= 20
num_units= 2
margin= 0
diff_threshold= 0.05
size_threshold= 0
acceptable_diff_of_color_value= 1
arg= horizontal.jpg
format=JPEG
width=21472, height=760
orientation= horizontal
unit_width= 10726
bgcolor= (255, 255, 255)

i=0, num_units=2
(x0, y0)= (0, 0)
(x1, y1)= (10746, 0)
find_bgcolor_band(bgcolor=(255, 255, 255), orientation=horizontal, bandwidth=20, x1=10746, y1=0, diff_threshold=0.050000, is_fuzzy=False)
cutting point= (11370, 0)
crop: x0=0, y0=0, x1=11370, height=760
save: horizontal.1.jpg

i=1, num_units=2
(x0, y0)= (11370, 0)
(x1, y1)= (22096, 0)
last cutting point= (21472, 760)
check_proportion(unit_width/2.0=5363.000000, width=10102.000000, height=0.000000, width/height=0.000000, height/width=0.000000)
crop: x0=11370, y0=0, width=21472, height=760
save: horizontal.2.jpg
