bandwidth= 20
num_units= 3
margin= 0
diff_threshold= 0.05
arg= horizontal2.jpg
format=JPEG
width=700, height=1003
orientation= vertical
unit_width= 321
bgcolor= (0, 0, 0)

i=0, num_units=3
(x0, y0)= (0, 0)
(x1, y1)= (0, 341)
find_bgcolor_band(bgcolor=(0, 0, 0), orientation=vertical, bandwidth=20, x1=0, y1=341, diff_threshold=0.050000, is_fuzzy=False)
cutting point= (-1, -1)
Warning: no splitting
last cutting point= (700, 1003)
check_proportion(unit_width/2.0=160.500000, width=0.000000, height=1003.000000, width/height=0.000000, height/width=0.000000)
crop: x0=0, y0=0, width=700, height=1003
save: horizontal2.1.jpg
